2023-10-12 10:39:59.148 [main] INFO  com.kwang43.boot.SSMApplication - Starting SSMApplication on 24deMacBook-Air.local with PID 2173 (/Users/24wang/Desktop/ssm/target/classes started by 24wang in /Users/24wang/Desktop/ssm)
2023-10-12 10:39:59.150 [main] INFO  com.kwang43.boot.SSMApplication - No active profile set, falling back to default profiles: default
2023-10-12 10:39:59.498 [main] INFO  o.s.d.r.config.RepositoryConfigurationDelegate - Bootstrapping Spring Data JPA repositories in DEFAULT mode.
2023-10-12 10:39:59.520 [main] INFO  o.s.d.r.config.RepositoryConfigurationDelegate - Finished Spring Data repository scanning in 16ms. Found 1 JPA repository interfaces.
2023-10-12 10:39:59.800 [main] INFO  o.s.boot.web.embedded.tomcat.TomcatWebServer - Tomcat initialized with port(s): 8080 (http)
2023-10-12 10:39:59.805 [main] INFO  org.apache.coyote.http11.Http11NioProtocol - Initializing ProtocolHandler ["http-nio-8080"]
2023-10-12 10:39:59.805 [main] INFO  org.apache.catalina.core.StandardService - Starting service [Tomcat]
2023-10-12 10:39:59.805 [main] INFO  org.apache.catalina.core.StandardEngine - Starting Servlet engine: [Apache Tomcat/9.0.31]
2023-10-12 10:39:59.849 [main] INFO  o.a.c.core.ContainerBase.[Tomcat].[localhost].[/] - Initializing Spring embedded WebApplicationContext
2023-10-12 10:39:59.849 [main] INFO  org.springframework.web.context.ContextLoader - Root WebApplicationContext: initialization completed in 681 ms
2023-10-12 10:39:59.983 [main] INFO  com.alibaba.druid.pool.DruidDataSource - {dataSource-1} inited
2023-10-12 10:40:39.752 [main] INFO  org.hibernate.Version - HHH000412: Hibernate ORM core version 5.4.12.Final
2023-10-12 10:40:39.805 [main] INFO  org.hibernate.annotations.common.Version - HCANN000001: Hibernate Commons Annotations {5.1.0.Final}
2023-10-12 10:40:39.850 [main] INFO  org.hibernate.dialect.Dialect - HHH000400: Using dialect: org.hibernate.dialect.MySQL8Dialect
2023-10-12 10:40:40.094 [main] INFO  o.h.e.t.jta.platform.internal.JtaPlatformInitiator - HHH000490: Using JtaPlatform implementation: [org.hibernate.engine.transaction.jta.platform.internal.NoJtaPlatform]
2023-10-12 10:40:40.097 [main] INFO  o.s.orm.jpa.LocalContainerEntityManagerFactoryBean - Initialized JPA EntityManagerFactory for persistence unit 'default'
2023-10-12 10:40:40.352 [main] INFO  s.d.s.w.PropertySourcedRequestMappingHandlerMapping - Mapped URL path [/v2/api-docs] onto method [springfox.documentation.swagger2.web.Swagger2Controller#getDocumentation(String, HttpServletRequest)]
2023-10-12 10:40:40.397 [main] INFO  o.s.scheduling.concurrent.ThreadPoolTaskExecutor - Initializing ExecutorService 'applicationTaskExecutor'
2023-10-12 10:40:40.461 [main] INFO  s.d.s.web.plugins.DocumentationPluginsBootstrapper - Context refreshed
2023-10-12 10:40:40.468 [main] INFO  s.d.s.web.plugins.DocumentationPluginsBootstrapper - Found 1 custom documentation plugin(s)
2023-10-12 10:40:40.479 [main] INFO  s.d.spring.web.scanners.ApiListingReferenceScanner - Scanning for api listing references
2023-10-12 10:40:40.543 [main] INFO  org.apache.coyote.http11.Http11NioProtocol - Starting ProtocolHandler ["http-nio-8080"]
2023-10-12 10:40:40.555 [main] INFO  o.s.boot.web.embedded.tomcat.TomcatWebServer - Tomcat started on port(s): 8080 (http) with context path ''
2023-10-12 10:40:40.556 [main] INFO  com.kwang43.boot.SSMApplication - Started SSMApplication in 41.706 seconds (JVM running for 41.915)
2023-10-12 10:40:50.866 [SpringContextShutdownHook] INFO  o.s.scheduling.concurrent.ThreadPoolTaskExecutor - Shutting down ExecutorService 'applicationTaskExecutor'
2023-10-12 10:40:50.869 [SpringContextShutdownHook] INFO  o.s.orm.jpa.LocalContainerEntityManagerFactoryBean - Closing JPA EntityManagerFactory for persistence unit 'default'
2023-10-12 10:40:50.889 [SpringContextShutdownHook] INFO  com.alibaba.druid.pool.DruidDataSource - {dataSource-1} closed
2023-10-12 10:40:52.459 [main] INFO  com.kwang43.boot.SSMApplication - Starting SSMApplication on 24deMacBook-Air.local with PID 2198 (/Users/24wang/Desktop/ssm/target/classes started by 24wang in /Users/24wang/Desktop/ssm)
2023-10-12 10:40:52.460 [main] INFO  com.kwang43.boot.SSMApplication - No active profile set, falling back to default profiles: default
2023-10-12 10:40:52.890 [main] INFO  o.s.d.r.config.RepositoryConfigurationDelegate - Bootstrapping Spring Data JPA repositories in DEFAULT mode.
2023-10-12 10:40:52.923 [main] INFO  o.s.d.r.config.RepositoryConfigurationDelegate - Finished Spring Data repository scanning in 21ms. Found 1 JPA repository interfaces.
2023-10-12 10:40:53.231 [main] INFO  o.s.boot.web.embedded.tomcat.TomcatWebServer - Tomcat initialized with port(s): 8080 (http)
2023-10-12 10:40:53.235 [main] INFO  org.apache.coyote.http11.Http11NioProtocol - Initializing ProtocolHandler ["http-nio-8080"]
2023-10-12 10:40:53.235 [main] INFO  org.apache.catalina.core.StandardService - Starting service [Tomcat]
2023-10-12 10:40:53.236 [main] INFO  org.apache.catalina.core.StandardEngine - Starting Servlet engine: [Apache Tomcat/9.0.31]
2023-10-12 10:40:53.274 [main] INFO  o.a.c.core.ContainerBase.[Tomcat].[localhost].[/] - Initializing Spring embedded WebApplicationContext
2023-10-12 10:40:53.275 [main] INFO  org.springframework.web.context.ContextLoader - Root WebApplicationContext: initialization completed in 787 ms
2023-10-12 10:40:53.401 [main] INFO  com.alibaba.druid.pool.DruidDataSource - {dataSource-1} inited
2023-10-12 10:40:53.501 [main] INFO  org.hibernate.Version - HHH000412: Hibernate ORM core version 5.4.12.Final
2023-10-12 10:40:53.562 [main] INFO  org.hibernate.annotations.common.Version - HCANN000001: Hibernate Commons Annotations {5.1.0.Final}
2023-10-12 10:40:53.648 [main] INFO  org.hibernate.dialect.Dialect - HHH000400: Using dialect: org.hibernate.dialect.MySQL8Dialect
2023-10-12 10:40:53.894 [main] INFO  o.h.e.t.jta.platform.internal.JtaPlatformInitiator - HHH000490: Using JtaPlatform implementation: [org.hibernate.engine.transaction.jta.platform.internal.NoJtaPlatform]
2023-10-12 10:40:53.897 [main] INFO  o.s.orm.jpa.LocalContainerEntityManagerFactoryBean - Initialized JPA EntityManagerFactory for persistence unit 'default'
2023-10-12 10:40:54.134 [main] INFO  s.d.s.w.PropertySourcedRequestMappingHandlerMapping - Mapped URL path [/v2/api-docs] onto method [springfox.documentation.swagger2.web.Swagger2Controller#getDocumentation(String, HttpServletRequest)]
2023-10-12 10:40:54.181 [main] INFO  o.s.scheduling.concurrent.ThreadPoolTaskExecutor - Initializing ExecutorService 'applicationTaskExecutor'
2023-10-12 10:40:54.262 [main] INFO  s.d.s.web.plugins.DocumentationPluginsBootstrapper - Context refreshed
2023-10-12 10:40:54.267 [main] INFO  s.d.s.web.plugins.DocumentationPluginsBootstrapper - Found 1 custom documentation plugin(s)
2023-10-12 10:40:54.282 [main] INFO  s.d.spring.web.scanners.ApiListingReferenceScanner - Scanning for api listing references
2023-10-12 10:40:54.356 [main] INFO  org.apache.coyote.http11.Http11NioProtocol - Starting ProtocolHandler ["http-nio-8080"]
2023-10-12 10:40:54.372 [main] INFO  o.s.boot.web.embedded.tomcat.TomcatWebServer - Tomcat started on port(s): 8080 (http) with context path ''
2023-10-12 10:40:54.373 [main] INFO  com.kwang43.boot.SSMApplication - Started SSMApplication in 2.322 seconds (JVM running for 2.601)
2023-10-12 10:41:10.975 [http-nio-8080-exec-1] INFO  o.a.c.core.ContainerBase.[Tomcat].[localhost].[/] - Initializing Spring DispatcherServlet 'dispatcherServlet'
2023-10-12 10:41:10.975 [http-nio-8080-exec-1] INFO  org.springframework.web.servlet.DispatcherServlet - Initializing Servlet 'dispatcherServlet'
2023-10-12 10:41:10.983 [http-nio-8080-exec-1] INFO  org.springframework.web.servlet.DispatcherServlet - Completed initialization in 8 ms
2023-10-12 10:45:45.642 [SpringContextShutdownHook] INFO  o.s.scheduling.concurrent.ThreadPoolTaskExecutor - Shutting down ExecutorService 'applicationTaskExecutor'
2023-10-12 10:45:45.644 [SpringContextShutdownHook] INFO  o.s.orm.jpa.LocalContainerEntityManagerFactoryBean - Closing JPA EntityManagerFactory for persistence unit 'default'
2023-10-12 10:45:45.658 [SpringContextShutdownHook] INFO  com.alibaba.druid.pool.DruidDataSource - {dataSource-1} closed
2023-10-12 10:45:47.093 [main] INFO  com.kwang43.boot.SSMApplication - Starting SSMApplication on 24deMacBook-Air.local with PID 2275 (/Users/24wang/Desktop/ssm/target/classes started by 24wang in /Users/24wang/Desktop/ssm)
2023-10-12 10:45:47.093 [main] INFO  com.kwang43.boot.SSMApplication - No active profile set, falling back to default profiles: default
2023-10-12 10:45:47.450 [main] INFO  o.s.d.r.config.RepositoryConfigurationDelegate - Bootstrapping Spring Data JPA repositories in DEFAULT mode.
2023-10-12 10:45:47.478 [main] INFO  o.s.d.r.config.RepositoryConfigurationDelegate - Finished Spring Data repository scanning in 20ms. Found 1 JPA repository interfaces.
2023-10-12 10:45:47.759 [main] INFO  o.s.boot.web.embedded.tomcat.TomcatWebServer - Tomcat initialized with port(s): 8888 (http)
2023-10-12 10:45:47.763 [main] INFO  org.apache.coyote.http11.Http11NioProtocol - Initializing ProtocolHandler ["http-nio-8888"]
2023-10-12 10:45:47.763 [main] INFO  org.apache.catalina.core.StandardService - Starting service [Tomcat]
2023-10-12 10:45:47.763 [main] INFO  org.apache.catalina.core.StandardEngine - Starting Servlet engine: [Apache Tomcat/9.0.31]
2023-10-12 10:45:47.803 [main] INFO  o.a.c.core.ContainerBase.[Tomcat].[localhost].[/] - Initializing Spring embedded WebApplicationContext
2023-10-12 10:45:47.803 [main] INFO  org.springframework.web.context.ContextLoader - Root WebApplicationContext: initialization completed in 689 ms
2023-10-12 10:45:47.931 [main] INFO  com.alibaba.druid.pool.DruidDataSource - {dataSource-1} inited
2023-10-12 10:45:48.037 [main] INFO  org.hibernate.Version - HHH000412: Hibernate ORM core version 5.4.12.Final
2023-10-12 10:45:48.096 [main] INFO  org.hibernate.annotations.common.Version - HCANN000001: Hibernate Commons Annotations {5.1.0.Final}
2023-10-12 10:45:48.149 [main] INFO  org.hibernate.dialect.Dialect - HHH000400: Using dialect: org.hibernate.dialect.MySQL8Dialect
2023-10-12 10:45:48.421 [main] INFO  o.h.e.t.jta.platform.internal.JtaPlatformInitiator - HHH000490: Using JtaPlatform implementation: [org.hibernate.engine.transaction.jta.platform.internal.NoJtaPlatform]
2023-10-12 10:45:48.425 [main] INFO  o.s.orm.jpa.LocalContainerEntityManagerFactoryBean - Initialized JPA EntityManagerFactory for persistence unit 'default'
2023-10-12 10:45:48.674 [main] INFO  s.d.s.w.PropertySourcedRequestMappingHandlerMapping - Mapped URL path [/v2/api-docs] onto method [springfox.documentation.swagger2.web.Swagger2Controller#getDocumentation(String, HttpServletRequest)]
2023-10-12 10:45:48.720 [main] INFO  o.s.scheduling.concurrent.ThreadPoolTaskExecutor - Initializing ExecutorService 'applicationTaskExecutor'
2023-10-12 10:45:48.788 [main] INFO  s.d.s.web.plugins.DocumentationPluginsBootstrapper - Context refreshed
2023-10-12 10:45:48.794 [main] INFO  s.d.s.web.plugins.DocumentationPluginsBootstrapper - Found 1 custom documentation plugin(s)
2023-10-12 10:45:48.806 [main] INFO  s.d.spring.web.scanners.ApiListingReferenceScanner - Scanning for api listing references
2023-10-12 10:45:48.875 [main] INFO  org.apache.coyote.http11.Http11NioProtocol - Starting ProtocolHandler ["http-nio-8888"]
2023-10-12 10:45:48.885 [main] INFO  o.s.boot.web.embedded.tomcat.TomcatWebServer - Tomcat started on port(s): 8888 (http) with context path ''
2023-10-12 10:45:48.886 [main] INFO  com.kwang43.boot.SSMApplication - Started SSMApplication in 2.192 seconds (JVM running for 2.419)
2023-10-12 10:45:57.739 [http-nio-8888-exec-1] INFO  o.a.c.core.ContainerBase.[Tomcat].[localhost].[/] - Initializing Spring DispatcherServlet 'dispatcherServlet'
2023-10-12 10:45:57.739 [http-nio-8888-exec-1] INFO  org.springframework.web.servlet.DispatcherServlet - Initializing Servlet 'dispatcherServlet'
2023-10-12 10:45:57.743 [http-nio-8888-exec-1] INFO  org.springframework.web.servlet.DispatcherServlet - Completed initialization in 4 ms
2023-10-12 11:12:35.644 [SpringContextShutdownHook] INFO  o.s.scheduling.concurrent.ThreadPoolTaskExecutor - Shutting down ExecutorService 'applicationTaskExecutor'
2023-10-12 11:12:35.646 [SpringContextShutdownHook] INFO  o.s.orm.jpa.LocalContainerEntityManagerFactoryBean - Closing JPA EntityManagerFactory for persistence unit 'default'
2023-10-12 11:12:35.671 [SpringContextShutdownHook] INFO  com.alibaba.druid.pool.DruidDataSource - {dataSource-1} closed
2023-10-12 11:13:03.046 [main] INFO  com.kwang43.boot.SSMApplication - Starting SSMApplication on 24deMacBook-Air.local with PID 2605 (/Users/24wang/Desktop/ssm/target/classes started by 24wang in /Users/24wang/Desktop/ssm)
2023-10-12 11:13:03.047 [main] INFO  com.kwang43.boot.SSMApplication - No active profile set, falling back to default profiles: default
2023-10-12 11:13:03.440 [main] INFO  o.s.d.r.config.RepositoryConfigurationDelegate - Bootstrapping Spring Data JPA repositories in DEFAULT mode.
2023-10-12 11:13:03.468 [main] INFO  o.s.d.r.config.RepositoryConfigurationDelegate - Finished Spring Data repository scanning in 20ms. Found 1 JPA repository interfaces.
2023-10-12 11:13:03.750 [main] INFO  o.s.boot.web.embedded.tomcat.TomcatWebServer - Tomcat initialized with port(s): 8888 (http)
2023-10-12 11:13:03.754 [main] INFO  org.apache.coyote.http11.Http11NioProtocol - Initializing ProtocolHandler ["http-nio-8888"]
2023-10-12 11:13:03.755 [main] INFO  org.apache.catalina.core.StandardService - Starting service [Tomcat]
2023-10-12 11:13:03.755 [main] INFO  org.apache.catalina.core.StandardEngine - Starting Servlet engine: [Apache Tomcat/9.0.31]
2023-10-12 11:13:03.792 [main] INFO  o.a.c.core.ContainerBase.[Tomcat].[localhost].[/] - Initializing Spring embedded WebApplicationContext
2023-10-12 11:13:03.792 [main] INFO  org.springframework.web.context.ContextLoader - Root WebApplicationContext: initialization completed in 719 ms
2023-10-12 11:13:03.923 [main] INFO  com.alibaba.druid.pool.DruidDataSource - {dataSource-1} inited
2023-10-12 11:13:04.043 [main] INFO  org.hibernate.Version - HHH000412: Hibernate ORM core version 5.4.12.Final
2023-10-12 11:13:04.106 [main] INFO  org.hibernate.annotations.common.Version - HCANN000001: Hibernate Commons Annotations {5.1.0.Final}
2023-10-12 11:13:04.162 [main] INFO  org.hibernate.dialect.Dialect - HHH000400: Using dialect: org.hibernate.dialect.MySQL8Dialect
2023-10-12 11:13:04.432 [main] INFO  o.h.e.t.jta.platform.internal.JtaPlatformInitiator - HHH000490: Using JtaPlatform implementation: [org.hibernate.engine.transaction.jta.platform.internal.NoJtaPlatform]
2023-10-12 11:13:04.435 [main] INFO  o.s.orm.jpa.LocalContainerEntityManagerFactoryBean - Initialized JPA EntityManagerFactory for persistence unit 'default'
2023-10-12 11:13:04.728 [main] INFO  s.d.s.w.PropertySourcedRequestMappingHandlerMapping - Mapped URL path [/v2/api-docs] onto method [springfox.documentation.swagger2.web.Swagger2Controller#getDocumentation(String, HttpServletRequest)]
2023-10-12 11:13:04.777 [main] INFO  o.s.scheduling.concurrent.ThreadPoolTaskExecutor - Initializing ExecutorService 'applicationTaskExecutor'
2023-10-12 11:13:04.844 [main] INFO  s.d.s.web.plugins.DocumentationPluginsBootstrapper - Context refreshed
2023-10-12 11:13:04.850 [main] INFO  s.d.s.web.plugins.DocumentationPluginsBootstrapper - Found 1 custom documentation plugin(s)
2023-10-12 11:13:04.861 [main] INFO  s.d.spring.web.scanners.ApiListingReferenceScanner - Scanning for api listing references
2023-10-12 11:13:04.927 [main] INFO  org.apache.coyote.http11.Http11NioProtocol - Starting ProtocolHandler ["http-nio-8888"]
2023-10-12 11:13:04.939 [main] INFO  o.s.boot.web.embedded.tomcat.TomcatWebServer - Tomcat started on port(s): 8888 (http) with context path ''
2023-10-12 11:13:04.940 [main] INFO  com.kwang43.boot.SSMApplication - Started SSMApplication in 2.221 seconds (JVM running for 2.434)
2023-10-12 11:13:09.227 [http-nio-8888-exec-1] INFO  o.a.c.core.ContainerBase.[Tomcat].[localhost].[/] - Initializing Spring DispatcherServlet 'dispatcherServlet'
2023-10-12 11:13:09.227 [http-nio-8888-exec-1] INFO  org.springframework.web.servlet.DispatcherServlet - Initializing Servlet 'dispatcherServlet'
2023-10-12 11:13:09.235 [http-nio-8888-exec-1] INFO  org.springframework.web.servlet.DispatcherServlet - Completed initialization in 8 ms
2023-10-12 12:15:06.731 [SpringContextShutdownHook] INFO  o.s.scheduling.concurrent.ThreadPoolTaskExecutor - Shutting down ExecutorService 'applicationTaskExecutor'
2023-10-12 12:15:06.734 [SpringContextShutdownHook] INFO  o.s.orm.jpa.LocalContainerEntityManagerFactoryBean - Closing JPA EntityManagerFactory for persistence unit 'default'
2023-10-12 12:15:06.740 [SpringContextShutdownHook] INFO  com.alibaba.druid.pool.DruidDataSource - {dataSource-1} closed
2023-10-12 12:15:09.223 [main] INFO  com.kwang43.boot.SSMApplication - Starting SSMApplication on 24deMacBook-Air.local with PID 3385 (/Users/24wang/Desktop/ssm/target/classes started by 24wang in /Users/24wang/Desktop/ssm)
2023-10-12 12:15:09.224 [main] INFO  com.kwang43.boot.SSMApplication - No active profile set, falling back to default profiles: default
2023-10-12 12:15:09.638 [main] INFO  o.s.d.r.config.RepositoryConfigurationDelegate - Bootstrapping Spring Data JPA repositories in DEFAULT mode.
2023-10-12 12:15:09.680 [main] INFO  o.s.d.r.config.RepositoryConfigurationDelegate - Finished Spring Data repository scanning in 34ms. Found 1 JPA repository interfaces.
2023-10-12 12:15:10.023 [main] INFO  o.s.boot.web.embedded.tomcat.TomcatWebServer - Tomcat initialized with port(s): 8888 (http)
2023-10-12 12:15:10.027 [main] INFO  org.apache.coyote.http11.Http11NioProtocol - Initializing ProtocolHandler ["http-nio-8888"]
2023-10-12 12:15:10.028 [main] INFO  org.apache.catalina.core.StandardService - Starting service [Tomcat]
2023-10-12 12:15:10.028 [main] INFO  org.apache.catalina.core.StandardEngine - Starting Servlet engine: [Apache Tomcat/9.0.31]
2023-10-12 12:15:10.070 [main] INFO  o.a.c.core.ContainerBase.[Tomcat].[localhost].[/] - Initializing Spring embedded WebApplicationContext
2023-10-12 12:15:10.070 [main] INFO  org.springframework.web.context.ContextLoader - Root WebApplicationContext: initialization completed in 822 ms
2023-10-12 12:15:10.198 [main] INFO  com.alibaba.druid.pool.DruidDataSource - {dataSource-1} inited
2023-10-12 12:15:10.359 [main] INFO  org.hibernate.Version - HHH000412: Hibernate ORM core version 5.4.12.Final
2023-10-12 12:15:10.417 [main] INFO  org.hibernate.annotations.common.Version - HCANN000001: Hibernate Commons Annotations {5.1.0.Final}
2023-10-12 12:15:10.466 [main] INFO  org.hibernate.dialect.Dialect - HHH000400: Using dialect: org.hibernate.dialect.MySQL8Dialect
2023-10-12 12:15:10.777 [main] INFO  o.h.e.t.jta.platform.internal.JtaPlatformInitiator - HHH000490: Using JtaPlatform implementation: [org.hibernate.engine.transaction.jta.platform.internal.NoJtaPlatform]
2023-10-12 12:15:10.780 [main] INFO  o.s.orm.jpa.LocalContainerEntityManagerFactoryBean - Initialized JPA EntityManagerFactory for persistence unit 'default'
2023-10-12 12:15:11.037 [main] INFO  s.d.s.w.PropertySourcedRequestMappingHandlerMapping - Mapped URL path [/v2/api-docs] onto method [springfox.documentation.swagger2.web.Swagger2Controller#getDocumentation(String, HttpServletRequest)]
2023-10-12 12:15:11.083 [main] INFO  o.s.scheduling.concurrent.ThreadPoolTaskExecutor - Initializing ExecutorService 'applicationTaskExecutor'
2023-10-12 12:15:11.146 [main] INFO  s.d.s.web.plugins.DocumentationPluginsBootstrapper - Context refreshed
2023-10-12 12:15:11.151 [main] INFO  s.d.s.web.plugins.DocumentationPluginsBootstrapper - Found 1 custom documentation plugin(s)
2023-10-12 12:15:11.163 [main] INFO  s.d.spring.web.scanners.ApiListingReferenceScanner - Scanning for api listing references
2023-10-12 12:15:11.235 [main] INFO  org.apache.coyote.http11.Http11NioProtocol - Starting ProtocolHandler ["http-nio-8888"]
2023-10-12 12:15:11.246 [main] INFO  o.s.boot.web.embedded.tomcat.TomcatWebServer - Tomcat started on port(s): 8888 (http) with context path ''
2023-10-12 12:15:11.247 [main] INFO  com.kwang43.boot.SSMApplication - Started SSMApplication in 2.354 seconds (JVM running for 2.569)
2023-10-12 12:15:17.233 [http-nio-8888-exec-1] INFO  o.a.c.core.ContainerBase.[Tomcat].[localhost].[/] - Initializing Spring DispatcherServlet 'dispatcherServlet'
2023-10-12 12:15:17.234 [http-nio-8888-exec-1] INFO  org.springframework.web.servlet.DispatcherServlet - Initializing Servlet 'dispatcherServlet'
2023-10-12 12:15:17.241 [http-nio-8888-exec-1] INFO  org.springframework.web.servlet.DispatcherServlet - Completed initialization in 7 ms
2023-10-12 12:40:10.308 [SpringContextShutdownHook] INFO  o.s.scheduling.concurrent.ThreadPoolTaskExecutor - Shutting down ExecutorService 'applicationTaskExecutor'
2023-10-12 12:40:10.310 [SpringContextShutdownHook] INFO  o.s.orm.jpa.LocalContainerEntityManagerFactoryBean - Closing JPA EntityManagerFactory for persistence unit 'default'
2023-10-12 12:40:10.335 [SpringContextShutdownHook] INFO  com.alibaba.druid.pool.DruidDataSource - {dataSource-1} closed
2023-10-12 12:40:14.576 [main] INFO  com.kwang43.boot.SSMApplication - Starting SSMApplication on 24deMacBook-Air.local with PID 4247 (/Users/24wang/Desktop/ssm/target/classes started by 24wang in /Users/24wang/Desktop/ssm)
2023-10-12 12:40:14.577 [main] INFO  com.kwang43.boot.SSMApplication - No active profile set, falling back to default profiles: default
2023-10-12 12:40:15.815 [main] INFO  o.s.d.r.config.RepositoryConfigurationDelegate - Bootstrapping Spring Data JPA repositories in DEFAULT mode.
2023-10-12 12:40:15.870 [main] INFO  o.s.d.r.config.RepositoryConfigurationDelegate - Finished Spring Data repository scanning in 42ms. Found 1 JPA repository interfaces.
2023-10-12 12:40:16.434 [main] INFO  o.s.boot.web.embedded.tomcat.TomcatWebServer - Tomcat initialized with port(s): 8888 (http)
2023-10-12 12:40:16.441 [main] INFO  org.apache.coyote.http11.Http11NioProtocol - Initializing ProtocolHandler ["http-nio-8888"]
2023-10-12 12:40:16.442 [main] INFO  org.apache.catalina.core.StandardService - Starting service [Tomcat]
2023-10-12 12:40:16.442 [main] INFO  org.apache.catalina.core.StandardEngine - Starting Servlet engine: [Apache Tomcat/9.0.31]
2023-10-12 12:40:16.497 [main] INFO  o.a.c.core.ContainerBase.[Tomcat].[localhost].[/] - Initializing Spring embedded WebApplicationContext
2023-10-12 12:40:16.498 [main] INFO  org.springframework.web.context.ContextLoader - Root WebApplicationContext: initialization completed in 1734 ms
2023-10-12 12:40:16.680 [main] INFO  com.alibaba.druid.pool.DruidDataSource - {dataSource-1} inited
2023-10-12 12:40:16.927 [main] INFO  org.hibernate.Version - HHH000412: Hibernate ORM core version 5.4.12.Final
2023-10-12 12:40:17.046 [main] INFO  org.hibernate.annotations.common.Version - HCANN000001: Hibernate Commons Annotations {5.1.0.Final}
2023-10-12 12:40:17.194 [main] INFO  org.hibernate.dialect.Dialect - HHH000400: Using dialect: org.hibernate.dialect.MySQL8Dialect
2023-10-12 12:40:17.700 [main] INFO  o.h.e.t.jta.platform.internal.JtaPlatformInitiator - HHH000490: Using JtaPlatform implementation: [org.hibernate.engine.transaction.jta.platform.internal.NoJtaPlatform]
2023-10-12 12:40:17.710 [main] INFO  o.s.orm.jpa.LocalContainerEntityManagerFactoryBean - Initialized JPA EntityManagerFactory for persistence unit 'default'
2023-10-12 12:40:18.447 [main] INFO  s.d.s.w.PropertySourcedRequestMappingHandlerMapping - Mapped URL path [/v2/api-docs] onto method [springfox.documentation.swagger2.web.Swagger2Controller#getDocumentation(String, HttpServletRequest)]
2023-10-12 12:40:18.531 [main] INFO  o.s.scheduling.concurrent.ThreadPoolTaskExecutor - Initializing ExecutorService 'applicationTaskExecutor'
2023-10-12 12:40:18.656 [main] INFO  s.d.s.web.plugins.DocumentationPluginsBootstrapper - Context refreshed
2023-10-12 12:40:18.666 [main] INFO  s.d.s.web.plugins.DocumentationPluginsBootstrapper - Found 1 custom documentation plugin(s)
2023-10-12 12:40:18.683 [main] INFO  s.d.spring.web.scanners.ApiListingReferenceScanner - Scanning for api listing references
2023-10-12 12:40:18.823 [main] INFO  org.apache.coyote.http11.Http11NioProtocol - Starting ProtocolHandler ["http-nio-8888"]
2023-10-12 12:40:18.844 [main] INFO  o.s.boot.web.embedded.tomcat.TomcatWebServer - Tomcat started on port(s): 8888 (http) with context path ''
2023-10-12 12:40:18.845 [main] INFO  com.kwang43.boot.SSMApplication - Started SSMApplication in 4.93 seconds (JVM running for 5.307)
2023-10-12 12:40:27.622 [http-nio-8888-exec-1] INFO  o.a.c.core.ContainerBase.[Tomcat].[localhost].[/] - Initializing Spring DispatcherServlet 'dispatcherServlet'
2023-10-12 12:40:27.622 [http-nio-8888-exec-1] INFO  org.springframework.web.servlet.DispatcherServlet - Initializing Servlet 'dispatcherServlet'
2023-10-12 12:40:27.629 [http-nio-8888-exec-1] INFO  org.springframework.web.servlet.DispatcherServlet - Completed initialization in 7 ms
2023-10-12 12:44:27.679 [SpringContextShutdownHook] INFO  o.s.scheduling.concurrent.ThreadPoolTaskExecutor - Shutting down ExecutorService 'applicationTaskExecutor'
2023-10-12 12:44:27.681 [SpringContextShutdownHook] INFO  o.s.orm.jpa.LocalContainerEntityManagerFactoryBean - Closing JPA EntityManagerFactory for persistence unit 'default'
2023-10-12 12:44:27.695 [SpringContextShutdownHook] INFO  com.alibaba.druid.pool.DruidDataSource - {dataSource-1} closed
2023-10-12 12:44:31.131 [main] INFO  com.kwang43.boot.SSMApplication - Starting SSMApplication on 24deMacBook-Air.local with PID 4332 (/Users/24wang/Desktop/ssm/target/classes started by 24wang in /Users/24wang/Desktop/ssm)
2023-10-12 12:44:31.132 [main] INFO  com.kwang43.boot.SSMApplication - No active profile set, falling back to default profiles: default
2023-10-12 12:44:31.542 [main] INFO  o.s.d.r.config.RepositoryConfigurationDelegate - Bootstrapping Spring Data JPA repositories in DEFAULT mode.
2023-10-12 12:44:31.574 [main] INFO  o.s.d.r.config.RepositoryConfigurationDelegate - Finished Spring Data repository scanning in 24ms. Found 1 JPA repository interfaces.
2023-10-12 12:44:31.859 [main] INFO  o.s.boot.web.embedded.tomcat.TomcatWebServer - Tomcat initialized with port(s): 8888 (http)
2023-10-12 12:44:31.864 [main] INFO  org.apache.coyote.http11.Http11NioProtocol - Initializing ProtocolHandler ["http-nio-8888"]
2023-10-12 12:44:31.864 [main] INFO  org.apache.catalina.core.StandardService - Starting service [Tomcat]
2023-10-12 12:44:31.864 [main] INFO  org.apache.catalina.core.StandardEngine - Starting Servlet engine: [Apache Tomcat/9.0.31]
2023-10-12 12:44:31.902 [main] INFO  o.a.c.core.ContainerBase.[Tomcat].[localhost].[/] - Initializing Spring embedded WebApplicationContext
2023-10-12 12:44:31.902 [main] INFO  org.springframework.web.context.ContextLoader - Root WebApplicationContext: initialization completed in 730 ms
2023-10-12 12:44:32.036 [main] INFO  com.alibaba.druid.pool.DruidDataSource - {dataSource-1} inited
2023-10-12 12:44:32.151 [main] INFO  org.hibernate.Version - HHH000412: Hibernate ORM core version 5.4.12.Final
2023-10-12 12:44:32.211 [main] INFO  org.hibernate.annotations.common.Version - HCANN000001: Hibernate Commons Annotations {5.1.0.Final}
2023-10-12 12:44:32.262 [main] INFO  org.hibernate.dialect.Dialect - HHH000400: Using dialect: org.hibernate.dialect.MySQL8Dialect
2023-10-12 12:44:32.539 [main] INFO  o.h.e.t.jta.platform.internal.JtaPlatformInitiator - HHH000490: Using JtaPlatform implementation: [org.hibernate.engine.transaction.jta.platform.internal.NoJtaPlatform]
2023-10-12 12:44:32.542 [main] INFO  o.s.orm.jpa.LocalContainerEntityManagerFactoryBean - Initialized JPA EntityManagerFactory for persistence unit 'default'
2023-10-12 12:44:32.798 [main] INFO  s.d.s.w.PropertySourcedRequestMappingHandlerMapping - Mapped URL path [/v2/api-docs] onto method [springfox.documentation.swagger2.web.Swagger2Controller#getDocumentation(String, HttpServletRequest)]
2023-10-12 12:44:32.845 [main] INFO  o.s.scheduling.concurrent.ThreadPoolTaskExecutor - Initializing ExecutorService 'applicationTaskExecutor'
2023-10-12 12:44:32.908 [main] INFO  s.d.s.web.plugins.DocumentationPluginsBootstrapper - Context refreshed
2023-10-12 12:44:32.914 [main] INFO  s.d.s.web.plugins.DocumentationPluginsBootstrapper - Found 1 custom documentation plugin(s)
2023-10-12 12:44:32.926 [main] INFO  s.d.spring.web.scanners.ApiListingReferenceScanner - Scanning for api listing references
2023-10-12 12:44:33.000 [main] INFO  org.apache.coyote.http11.Http11NioProtocol - Starting ProtocolHandler ["http-nio-8888"]
2023-10-12 12:44:33.015 [main] INFO  o.s.boot.web.embedded.tomcat.TomcatWebServer - Tomcat started on port(s): 8888 (http) with context path ''
2023-10-12 12:44:33.017 [main] INFO  com.kwang43.boot.SSMApplication - Started SSMApplication in 2.615 seconds (JVM running for 2.941)
2023-10-12 12:44:36.573 [http-nio-8888-exec-1] INFO  o.a.c.core.ContainerBase.[Tomcat].[localhost].[/] - Initializing Spring DispatcherServlet 'dispatcherServlet'
2023-10-12 12:44:36.574 [http-nio-8888-exec-1] INFO  org.springframework.web.servlet.DispatcherServlet - Initializing Servlet 'dispatcherServlet'
2023-10-12 12:44:36.580 [http-nio-8888-exec-1] INFO  org.springframework.web.servlet.DispatcherServlet - Completed initialization in 6 ms
2023-10-12 13:18:55.993 [SpringContextShutdownHook] INFO  o.s.scheduling.concurrent.ThreadPoolTaskExecutor - Shutting down ExecutorService 'applicationTaskExecutor'
2023-10-12 13:18:56.000 [SpringContextShutdownHook] INFO  o.s.orm.jpa.LocalContainerEntityManagerFactoryBean - Closing JPA EntityManagerFactory for persistence unit 'default'
2023-10-12 13:18:56.025 [SpringContextShutdownHook] INFO  com.alibaba.druid.pool.DruidDataSource - {dataSource-1} closed
2023-10-12 13:18:58.779 [main] INFO  com.kwang43.boot.SSMApplication - Starting SSMApplication on 24deMacBook-Air.local with PID 5546 (/Users/24wang/Desktop/ssm/target/classes started by 24wang in /Users/24wang/Desktop/ssm)
2023-10-12 13:18:58.780 [main] INFO  com.kwang43.boot.SSMApplication - No active profile set, falling back to default profiles: default
2023-10-12 13:18:59.146 [main] INFO  o.s.d.r.config.RepositoryConfigurationDelegate - Bootstrapping Spring Data JPA repositories in DEFAULT mode.
2023-10-12 13:18:59.175 [main] INFO  o.s.d.r.config.RepositoryConfigurationDelegate - Finished Spring Data repository scanning in 20ms. Found 1 JPA repository interfaces.
2023-10-12 13:18:59.461 [main] INFO  o.s.boot.web.embedded.tomcat.TomcatWebServer - Tomcat initialized with port(s): 8888 (http)
2023-10-12 13:18:59.465 [main] INFO  org.apache.coyote.http11.Http11NioProtocol - Initializing ProtocolHandler ["http-nio-8888"]
2023-10-12 13:18:59.465 [main] INFO  org.apache.catalina.core.StandardService - Starting service [Tomcat]
2023-10-12 13:18:59.465 [main] INFO  org.apache.catalina.core.StandardEngine - Starting Servlet engine: [Apache Tomcat/9.0.31]
2023-10-12 13:18:59.509 [main] INFO  o.a.c.core.ContainerBase.[Tomcat].[localhost].[/] - Initializing Spring embedded WebApplicationContext
2023-10-12 13:18:59.509 [main] INFO  org.springframework.web.context.ContextLoader - Root WebApplicationContext: initialization completed in 709 ms
2023-10-12 13:18:59.639 [main] INFO  com.alibaba.druid.pool.DruidDataSource - {dataSource-1} inited
2023-10-12 13:18:59.789 [main] INFO  org.hibernate.Version - HHH000412: Hibernate ORM core version 5.4.12.Final
2023-10-12 13:18:59.851 [main] INFO  org.hibernate.annotations.common.Version - HCANN000001: Hibernate Commons Annotations {5.1.0.Final}
2023-10-12 13:18:59.901 [main] INFO  org.hibernate.dialect.Dialect - HHH000400: Using dialect: org.hibernate.dialect.MySQL8Dialect
2023-10-12 13:19:00.180 [main] INFO  o.h.e.t.jta.platform.internal.JtaPlatformInitiator - HHH000490: Using JtaPlatform implementation: [org.hibernate.engine.transaction.jta.platform.internal.NoJtaPlatform]
2023-10-12 13:19:00.183 [main] INFO  o.s.orm.jpa.LocalContainerEntityManagerFactoryBean - Initialized JPA EntityManagerFactory for persistence unit 'default'
2023-10-12 13:19:00.440 [main] INFO  s.d.s.w.PropertySourcedRequestMappingHandlerMapping - Mapped URL path [/v2/api-docs] onto method [springfox.documentation.swagger2.web.Swagger2Controller#getDocumentation(String, HttpServletRequest)]
2023-10-12 13:19:00.495 [main] INFO  o.s.scheduling.concurrent.ThreadPoolTaskExecutor - Initializing ExecutorService 'applicationTaskExecutor'
2023-10-12 13:19:00.559 [main] INFO  s.d.s.web.plugins.DocumentationPluginsBootstrapper - Context refreshed
2023-10-12 13:19:00.565 [main] INFO  s.d.s.web.plugins.DocumentationPluginsBootstrapper - Found 1 custom documentation plugin(s)
2023-10-12 13:19:00.579 [main] INFO  s.d.spring.web.scanners.ApiListingReferenceScanner - Scanning for api listing references
2023-10-12 13:19:00.652 [main] INFO  org.apache.coyote.http11.Http11NioProtocol - Starting ProtocolHandler ["http-nio-8888"]
2023-10-12 13:19:00.663 [main] INFO  o.s.boot.web.embedded.tomcat.TomcatWebServer - Tomcat started on port(s): 8888 (http) with context path ''
2023-10-12 13:19:00.664 [main] INFO  com.kwang43.boot.SSMApplication - Started SSMApplication in 2.188 seconds (JVM running for 2.417)
2023-10-12 13:19:26.404 [http-nio-8888-exec-1] INFO  o.a.c.core.ContainerBase.[Tomcat].[localhost].[/] - Initializing Spring DispatcherServlet 'dispatcherServlet'
2023-10-12 13:19:26.405 [http-nio-8888-exec-1] INFO  org.springframework.web.servlet.DispatcherServlet - Initializing Servlet 'dispatcherServlet'
2023-10-12 13:19:26.418 [http-nio-8888-exec-1] INFO  org.springframework.web.servlet.DispatcherServlet - Completed initialization in 13 ms
2023-10-12 13:30:20.686 [SpringContextShutdownHook] INFO  o.s.scheduling.concurrent.ThreadPoolTaskExecutor - Shutting down ExecutorService 'applicationTaskExecutor'
2023-10-12 13:30:20.687 [SpringContextShutdownHook] INFO  o.s.orm.jpa.LocalContainerEntityManagerFactoryBean - Closing JPA EntityManagerFactory for persistence unit 'default'
2023-10-12 13:30:20.704 [SpringContextShutdownHook] INFO  com.alibaba.druid.pool.DruidDataSource - {dataSource-1} closed
2023-10-12 13:30:23.327 [main] INFO  com.kwang43.boot.SSMApplication - Starting SSMApplication on 24deMacBook-Air.local with PID 5738 (/Users/24wang/Desktop/ssm/target/classes started by 24wang in /Users/24wang/Desktop/ssm)
2023-10-12 13:30:23.328 [main] INFO  com.kwang43.boot.SSMApplication - No active profile set, falling back to default profiles: default
2023-10-12 13:30:23.752 [main] INFO  o.s.d.r.config.RepositoryConfigurationDelegate - Bootstrapping Spring Data JPA repositories in DEFAULT mode.
2023-10-12 13:30:23.783 [main] INFO  o.s.d.r.config.RepositoryConfigurationDelegate - Finished Spring Data repository scanning in 23ms. Found 1 JPA repository interfaces.
2023-10-12 13:30:24.084 [main] INFO  o.s.boot.web.embedded.tomcat.TomcatWebServer - Tomcat initialized with port(s): 8888 (http)
2023-10-12 13:30:24.089 [main] INFO  org.apache.coyote.http11.Http11NioProtocol - Initializing ProtocolHandler ["http-nio-8888"]
2023-10-12 13:30:24.089 [main] INFO  org.apache.catalina.core.StandardService - Starting service [Tomcat]
2023-10-12 13:30:24.089 [main] INFO  org.apache.catalina.core.StandardEngine - Starting Servlet engine: [Apache Tomcat/9.0.31]
2023-10-12 13:30:24.131 [main] INFO  o.a.c.core.ContainerBase.[Tomcat].[localhost].[/] - Initializing Spring embedded WebApplicationContext
2023-10-12 13:30:24.132 [main] INFO  org.springframework.web.context.ContextLoader - Root WebApplicationContext: initialization completed in 784 ms
2023-10-12 13:30:24.268 [main] INFO  com.alibaba.druid.pool.DruidDataSource - {dataSource-1} inited
2023-10-12 13:30:24.412 [main] INFO  org.hibernate.Version - HHH000412: Hibernate ORM core version 5.4.12.Final
2023-10-12 13:30:24.473 [main] INFO  org.hibernate.annotations.common.Version - HCANN000001: Hibernate Commons Annotations {5.1.0.Final}
2023-10-12 13:30:24.523 [main] INFO  org.hibernate.dialect.Dialect - HHH000400: Using dialect: org.hibernate.dialect.MySQL8Dialect
2023-10-12 13:30:24.819 [main] INFO  o.h.e.t.jta.platform.internal.JtaPlatformInitiator - HHH000490: Using JtaPlatform implementation: [org.hibernate.engine.transaction.jta.platform.internal.NoJtaPlatform]
2023-10-12 13:30:24.822 [main] INFO  o.s.orm.jpa.LocalContainerEntityManagerFactoryBean - Initialized JPA EntityManagerFactory for persistence unit 'default'
2023-10-12 13:30:25.109 [main] INFO  s.d.s.w.PropertySourcedRequestMappingHandlerMapping - Mapped URL path [/v2/api-docs] onto method [springfox.documentation.swagger2.web.Swagger2Controller#getDocumentation(String, HttpServletRequest)]
2023-10-12 13:30:25.160 [main] INFO  o.s.scheduling.concurrent.ThreadPoolTaskExecutor - Initializing ExecutorService 'applicationTaskExecutor'
2023-10-12 13:30:25.223 [main] INFO  s.d.s.web.plugins.DocumentationPluginsBootstrapper - Context refreshed
2023-10-12 13:30:25.230 [main] INFO  s.d.s.web.plugins.DocumentationPluginsBootstrapper - Found 1 custom documentation plugin(s)
2023-10-12 13:30:25.242 [main] INFO  s.d.spring.web.scanners.ApiListingReferenceScanner - Scanning for api listing references
2023-10-12 13:30:25.314 [main] INFO  org.apache.coyote.http11.Http11NioProtocol - Starting ProtocolHandler ["http-nio-8888"]
2023-10-12 13:30:25.325 [main] INFO  o.s.boot.web.embedded.tomcat.TomcatWebServer - Tomcat started on port(s): 8888 (http) with context path ''
2023-10-12 13:30:25.325 [main] INFO  com.kwang43.boot.SSMApplication - Started SSMApplication in 2.308 seconds (JVM running for 2.523)
2023-10-12 13:30:31.400 [http-nio-8888-exec-1] INFO  o.a.c.core.ContainerBase.[Tomcat].[localhost].[/] - Initializing Spring DispatcherServlet 'dispatcherServlet'
2023-10-12 13:30:31.401 [http-nio-8888-exec-1] INFO  org.springframework.web.servlet.DispatcherServlet - Initializing Servlet 'dispatcherServlet'
2023-10-12 13:30:31.406 [http-nio-8888-exec-1] INFO  org.springframework.web.servlet.DispatcherServlet - Completed initialization in 5 ms
